disaster test
